// Vitest Snapshot v1, https://vitest.dev/guide/snapshot.html

exports[`<ExternalLink /> > should render with svg icon 1`] = `
<DocumentFragment>
  <a
    class="inline-flex flex-1 justify-center gap-1 leading-4 hover:underline"
    href="https://sysuke.com"
    rel="noreferrer"
    target="_blank"
  >
    <span>
      Sysuke
    </span>
    <svg
      aria-hidden="true"
      class="opacity-70"
      height="7"
      viewBox="0 0 6 6"
      width="7"
    >
      <path
        d="M1.25215 5.54731L0.622742 4.9179L3.78169 1.75597H1.3834L1.38936 0.890915H5.27615V4.78069H4.40513L4.41109 2.38538L1.25215 5.54731Z"
        fill="currentColor"
      />
    </svg>
  </a>
</DocumentFragment>
`;
